npm notice run gitscore@1.0.0 dev
npm notice run vite

  [32m[1mVITE[22m v6.4.3[39m  [2mready in [0m[1m358[22m[2m[0m ms[22m

  [32m➜[39m  [1mLocal[22m:   [36mhttp://localhost:[1m5173[22m/[39m
[2m  [32m➜[39m  [1mNetwork[22m[2m: use [22m[1m--host[22m[2m to expose[22m
[2m[32m  ➜[39m[22m[2m  press [22m[1mh + enter[22m[2m to show help[22m
[2m16:03:56[22m [31m[1m[vite][22m[39m [31mhttp proxy error: /api/roast-of-the-day[39m
AggregateError [ECONNREFUSED]: 
    at internalConnectMultiple (node:net:1135:18)
    at afterConnectMultiple (node:net:1716:7)
[2m16:03:56[22m [31m[1m[vite][22m[39m [31mhttp proxy error: /api/roast-of-the-day[39m
AggregateError [ECONNREFUSED]: 
    at internalConnectMultiple (node:net:1135:18)
    at afterConnectMultiple (node:net:1716:7)
[2m16:04:16[22m [31m[1m[vite][22m[39m [31mhttp proxy error: /api/leaderboard?limit=10[39m
AggregateError [ECONNREFUSED]: 
    at internalConnectMultiple (node:net:1135:18)
    at afterConnectMultiple (node:net:1716:7)
[2m16:04:16[22m [31m[1m[vite][22m[39m [31mhttp proxy error: /api/leaderboard?limit=10[39m
AggregateError [ECONNREFUSED]: 
    at internalConnectMultiple (node:net:1135:18)
    at afterConnectMultiple (node:net:1716:7)
[2m16:04:18[22m [31m[1m[vite][22m[39m [31mhttp proxy error: /api/roast-of-the-day[39m
AggregateError [ECONNREFUSED]: 
    at internalConnectMultiple (node:net:1135:18)
    at afterConnectMultiple (node:net:1716:7)
[2m16:04:18[22m [31m[1m[vite][22m[39m [31mhttp proxy error: /api/roast-of-the-day[39m
AggregateError [ECONNREFUSED]: 
    at internalConnectMultiple (node:net:1135:18)
    at afterConnectMultiple (node:net:1716:7)
